<?xml version="1.0" encoding="ISO-8859-1" ?>
<link_info>
   <banner>TMS320C2000 Linker Unix v21.6.0.LTS</banner>
   <copyright>Copyright (c) 1996-2018 Texas Instruments Incorporated</copyright>
   <link_time>0x62018cf4</link_time>
   <link_errors>0x0</link_errors>
   <output_file>tm3n.out</output_file>
   <entry_point>
      <name>_c_int00</name>
      <address>0x84511</address>
   </entry_point>
   <input_file_list>
      <input_file id="fl-1">
         <path>./</path>
         <kind>object</kind>
         <file>gatedriver.obj</file>
         <name>gatedriver.obj</name>
      </input_file>
      <input_file id="fl-2">
         <path>./</path>
         <kind>object</kind>
         <file>main.obj</file>
         <name>main.obj</name>
      </input_file>
      <input_file id="fl-3">
         <path>./</path>
         <kind>object</kind>
         <file>scheduler.obj</file>
         <name>scheduler.obj</name>
      </input_file>
      <input_file id="fl-4">
         <path>./</path>
         <kind>object</kind>
         <file>spidriver.obj</file>
         <name>spidriver.obj</name>
      </input_file>
      <input_file id="fl-5">
         <path>./device_support/</path>
         <kind>object</kind>
         <file>F2837xD_CodeStartBranch.obj</file>
         <name>F2837xD_CodeStartBranch.obj</name>
      </input_file>
      <input_file id="fl-6">
         <path>./device_support/</path>
         <kind>object</kind>
         <file>device.obj</file>
         <name>device.obj</name>
      </input_file>
      <input_file id="fl-7">
         <path>./drivelib/</path>
         <kind>object</kind>
         <file>adc.obj</file>
         <name>adc.obj</name>
      </input_file>
      <input_file id="fl-8">
         <path>./drivelib/</path>
         <kind>object</kind>
         <file>can.obj</file>
         <name>can.obj</name>
      </input_file>
      <input_file id="fl-9">
         <path>./drivelib/</path>
         <kind>object</kind>
         <file>cputimer.obj</file>
         <name>cputimer.obj</name>
      </input_file>
      <input_file id="fl-a">
         <path>./drivelib/</path>
         <kind>object</kind>
         <file>epwm.obj</file>
         <name>epwm.obj</name>
      </input_file>
      <input_file id="fl-b">
         <path>./drivelib/</path>
         <kind>object</kind>
         <file>gpio.obj</file>
         <name>gpio.obj</name>
      </input_file>
      <input_file id="fl-c">
         <path>./drivelib/</path>
         <kind>object</kind>
         <file>interrupt.obj</file>
         <name>interrupt.obj</name>
      </input_file>
      <input_file id="fl-d">
         <path>./drivelib/</path>
         <kind>object</kind>
         <file>spi.obj</file>
         <name>spi.obj</name>
      </input_file>
      <input_file id="fl-e">
         <path>./drivelib/</path>
         <kind>object</kind>
         <file>sysctl.obj</file>
         <name>sysctl.obj</name>
      </input_file>
      <input_file id="fl-f">
         <path>./libinverter/</path>
         <kind>object</kind>
         <file>crc8.obj</file>
         <name>crc8.obj</name>
      </input_file>
      <input_file id="fl-10">
         <path>./libinverter/</path>
         <kind>object</kind>
         <file>digio.obj</file>
         <name>digio.obj</name>
      </input_file>
      <input_file id="fl-14">
         <kind>object</kind>
         <file>&lt;internal&gt;</file>
         <name>&lt;internal&gt;</name>
      </input_file>
      <input_file id="fl-20">
         <path>/Applications/ti/ccs1110/ccs/tools/compiler/ti-cgt-c2000_21.6.0.LTS/lib/</path>
         <kind>archive</kind>
         <file>rts2800_fpu32.lib</file>
         <name>delete.c.obj</name>
      </input_file>
      <input_file id="fl-21">
         <path>/Applications/ti/ccs1110/ccs/tools/compiler/ti-cgt-c2000_21.6.0.LTS/lib/</path>
         <kind>archive</kind>
         <file>rts2800_fpu32.lib</file>
         <name>new.c.obj</name>
      </input_file>
      <input_file id="fl-22">
         <path>/Applications/ti/ccs1110/ccs/tools/compiler/ti-cgt-c2000_21.6.0.LTS/lib/</path>
         <kind>archive</kind>
         <file>rts2800_fpu32.lib</file>
         <name>newhandler.c.obj</name>
      </input_file>
      <input_file id="fl-23">
         <path>/Applications/ti/ccs1110/ccs/tools/compiler/ti-cgt-c2000_21.6.0.LTS/lib/</path>
         <kind>archive</kind>
         <file>rts2800_fpu32.lib</file>
         <name>vars.c.obj</name>
      </input_file>
      <input_file id="fl-24">
         <path>/Applications/ti/ccs1110/ccs/tools/compiler/ti-cgt-c2000_21.6.0.LTS/lib/</path>
         <kind>archive</kind>
         <file>rts2800_fpu32.lib</file>
         <name>e_sqrtf.c.obj</name>
      </input_file>
      <input_file id="fl-25">
         <path>/Applications/ti/ccs1110/ccs/tools/compiler/ti-cgt-c2000_21.6.0.LTS/lib/</path>
         <kind>archive</kind>
         <file>rts2800_fpu32.lib</file>
         <name>s_cosf.c.obj</name>
      </input_file>
      <input_file id="fl-26">
         <path>/Applications/ti/ccs1110/ccs/tools/compiler/ti-cgt-c2000_21.6.0.LTS/lib/</path>
         <kind>archive</kind>
         <file>rts2800_fpu32.lib</file>
         <name>s_sinf.c.obj</name>
      </input_file>
      <input_file id="fl-27">
         <path>/Applications/ti/ccs1110/ccs/tools/compiler/ti-cgt-c2000_21.6.0.LTS/lib/</path>
         <kind>archive</kind>
         <file>rts2800_fpu32.lib</file>
         <name>boot28.asm.obj</name>
      </input_file>
      <input_file id="fl-28">
         <path>/Applications/ti/ccs1110/ccs/tools/compiler/ti-cgt-c2000_21.6.0.LTS/lib/</path>
         <kind>archive</kind>
         <file>rts2800_fpu32.lib</file>
         <name>fs_div28.asm.obj</name>
      </input_file>
      <input_file id="fl-29">
         <path>/Applications/ti/ccs1110/ccs/tools/compiler/ti-cgt-c2000_21.6.0.LTS/lib/</path>
         <kind>archive</kind>
         <file>rts2800_fpu32.lib</file>
         <name>cpy_tbl.c.obj</name>
      </input_file>
      <input_file id="fl-2a">
         <path>/Applications/ti/ccs1110/ccs/tools/compiler/ti-cgt-c2000_21.6.0.LTS/lib/</path>
         <kind>archive</kind>
         <file>rts2800_fpu32.lib</file>
         <name>memcpy.c.obj</name>
      </input_file>
      <input_file id="fl-2b">
         <path>/Applications/ti/ccs1110/ccs/tools/compiler/ti-cgt-c2000_21.6.0.LTS/lib/</path>
         <kind>archive</kind>
         <file>rts2800_fpu32.lib</file>
         <name>pre_init.c.obj</name>
      </input_file>
      <input_file id="fl-2c">
         <path>/Applications/ti/ccs1110/ccs/tools/compiler/ti-cgt-c2000_21.6.0.LTS/lib/</path>
         <kind>archive</kind>
         <file>rts2800_fpu32.lib</file>
         <name>startup.c.obj</name>
      </input_file>
      <input_file id="fl-2d">
         <path>/Applications/ti/ccs1110/ccs/tools/compiler/ti-cgt-c2000_21.6.0.LTS/lib/</path>
         <kind>archive</kind>
         <file>rts2800_fpu32.lib</file>
         <name>exit.c.obj</name>
      </input_file>
      <input_file id="fl-2e">
         <path>/Applications/ti/ccs1110/ccs/tools/compiler/ti-cgt-c2000_21.6.0.LTS/lib/</path>
         <kind>archive</kind>
         <file>rts2800_fpu32.lib</file>
         <name>_lock.c.obj</name>
      </input_file>
      <input_file id="fl-2f">
         <path>/Applications/ti/ccs1110/ccs/tools/compiler/ti-cgt-c2000_21.6.0.LTS/lib/</path>
         <kind>archive</kind>
         <file>rts2800_fpu32.lib</file>
         <name>args_main.c.obj</name>
      </input_file>
      <input_file id="fl-30">
         <path>/Applications/ti/ccs1110/ccs/tools/compiler/ti-cgt-c2000_21.6.0.LTS/lib/</path>
         <kind>archive</kind>
         <file>rts2800_fpu32.lib</file>
         <name>memory.c.obj</name>
      </input_file>
      <input_file id="fl-31">
         <path>/Applications/ti/ccs1110/ccs/tools/compiler/ti-cgt-c2000_21.6.0.LTS/lib/</path>
         <kind>archive</kind>
         <file>rts2800_fpu32.lib</file>
         <name>memset.c.obj</name>
      </input_file>
      <input_file id="fl-32">
         <path>/Applications/ti/ccs1110/ccs/tools/compiler/ti-cgt-c2000_21.6.0.LTS/lib/</path>
         <kind>archive</kind>
         <file>rts2800_fpu32.lib</file>
         <name>errno.c.obj</name>
      </input_file>
   </input_file_list>
   <object_component_list>
      <object_component id="oc-23">
         <name>.cinit</name>
         <load_address>0x82000</load_address>
         <run_address>0x82000</run_address>
         <size>0x40</size>
         <input_file_ref idref="fl-2"/>
      </object_component>
      <object_component id="oc-3c">
         <name>.cinit</name>
         <load_address>0x82040</load_address>
         <run_address>0x82040</run_address>
         <size>0xf</size>
         <input_file_ref idref="fl-6"/>
      </object_component>
      <object_component id="oc-b5">
         <name>.cinit</name>
         <load_address>0x8204f</load_address>
         <run_address>0x8204f</run_address>
         <size>0xe</size>
         <input_file_ref idref="fl-2d"/>
      </object_component>
      <object_component id="oc-e9">
         <name>.cinit:_adcHandle</name>
         <load_address>0x8205d</load_address>
         <run_address>0x8205d</run_address>
         <size>0xb</size>
         <input_file_ref idref="fl-2"/>
      </object_component>
      <object_component id="oc-dd">
         <name>.cinit:_functions__9Scheduler</name>
         <load_address>0x82068</load_address>
         <run_address>0x82068</run_address>
         <size>0x9</size>
         <input_file_ref idref="fl-3"/>
      </object_component>
      <object_component id="oc-fb">
         <name>.cinit:_periods__9Scheduler</name>
         <load_address>0x82071</load_address>
         <run_address>0x82071</run_address>
         <size>0x9</size>
         <input_file_ref idref="fl-3"/>
      </object_component>
      <object_component id="oc-ee">
         <name>.cinit:_pwmHandle</name>
         <load_address>0x8207a</load_address>
         <run_address>0x8207a</run_address>
         <size>0x9</size>
         <input_file_ref idref="fl-2"/>
      </object_component>
      <object_component id="oc-ec">
         <name>.cinit:_adcChannel</name>
         <load_address>0x82083</load_address>
         <run_address>0x82083</run_address>
         <size>0x7</size>
         <input_file_ref idref="fl-2"/>
      </object_component>
      <object_component id="oc-e1">
         <name>.cinit:__lock</name>
         <load_address>0x8208a</load_address>
         <run_address>0x8208a</run_address>
         <size>0x5</size>
         <input_file_ref idref="fl-2e"/>
      </object_component>
      <object_component id="oc-ff">
         <name>.cinit:__unlock</name>
         <load_address>0x8208f</load_address>
         <run_address>0x8208f</run_address>
         <size>0x5</size>
         <input_file_ref idref="fl-2e"/>
      </object_component>
      <object_component id="oc-83">
         <name>.cinit</name>
         <load_address>0x82094</load_address>
         <run_address>0x82094</run_address>
         <size>0x5</size>
         <input_file_ref idref="fl-23"/>
      </object_component>
      <object_component id="oc-d3">
         <name>.cinit</name>
         <load_address>0x82099</load_address>
         <run_address>0x82099</run_address>
         <size>0x4</size>
         <input_file_ref idref="fl-32"/>
      </object_component>
      <object_component id="oc-c6">
         <name>.cinit</name>
         <load_address>0x8209d</load_address>
         <run_address>0x8209d</run_address>
         <size>0x4</size>
         <input_file_ref idref="fl-30"/>
      </object_component>
      <object_component id="oc-db">
         <name>.text</name>
         <load_address>0x820a4</load_address>
         <run_address>0x820a4</run_address>
         <size>0x9c6</size>
         <input_file_ref idref="fl-2"/>
      </object_component>
      <object_component id="oc-103">
         <name>.text</name>
         <load_address>0x82a6a</load_address>
         <run_address>0x82a6a</run_address>
         <size>0x580</size>
         <input_file_ref idref="fl-e"/>
      </object_component>
      <object_component id="oc-f4">
         <name>.text</name>
         <load_address>0x82fea</load_address>
         <run_address>0x82fea</run_address>
         <size>0x3d8</size>
         <input_file_ref idref="fl-6"/>
      </object_component>
      <object_component id="oc-ef">
         <name>.text</name>
         <load_address>0x833c2</load_address>
         <run_address>0x833c2</run_address>
         <size>0x30b</size>
         <input_file_ref idref="fl-8"/>
      </object_component>
      <object_component id="oc-f8">
         <name>.text</name>
         <load_address>0x836cd</load_address>
         <run_address>0x836cd</run_address>
         <size>0x2d3</size>
         <input_file_ref idref="fl-1"/>
      </object_component>
      <object_component id="oc-101">
         <name>.text</name>
         <load_address>0x839a0</load_address>
         <run_address>0x839a0</run_address>
         <size>0x28c</size>
         <input_file_ref idref="fl-30"/>
      </object_component>
      <object_component id="oc-f0">
         <name>.text</name>
         <load_address>0x83c2c</load_address>
         <run_address>0x83c2c</run_address>
         <size>0x1eb</size>
         <input_file_ref idref="fl-b"/>
      </object_component>
      <object_component id="oc-f5">
         <name>.text</name>
         <load_address>0x83e17</load_address>
         <run_address>0x83e17</run_address>
         <size>0x185</size>
         <input_file_ref idref="fl-c"/>
      </object_component>
      <object_component id="oc-f3">
         <name>.text</name>
         <load_address>0x83f9c</load_address>
         <run_address>0x83f9c</run_address>
         <size>0x63</size>
         <input_file_ref idref="fl-25"/>
      </object_component>
      <object_component id="oc-100">
         <name>.text</name>
         <load_address>0x83fff</load_address>
         <run_address>0x83fff</run_address>
         <size>0x1</size>
         <input_file_ref idref="fl-22"/>
      </object_component>
      <object_component id="oc-de">
         <name>.text</name>
         <load_address>0x84000</load_address>
         <run_address>0x84000</run_address>
         <size>0x123</size>
         <input_file_ref idref="fl-3"/>
      </object_component>
      <object_component id="oc-102">
         <name>.text</name>
         <load_address>0x84123</load_address>
         <run_address>0x84123</run_address>
         <size>0xd8</size>
         <input_file_ref idref="fl-d"/>
      </object_component>
      <object_component id="oc-ea">
         <name>.text</name>
         <load_address>0x841fb</load_address>
         <run_address>0x841fb</run_address>
         <size>0xd4</size>
         <input_file_ref idref="fl-7"/>
      </object_component>
      <object_component id="oc-e4">
         <name>.text</name>
         <load_address>0x842cf</load_address>
         <run_address>0x842cf</run_address>
         <size>0xcb</size>
         <input_file_ref idref="fl-4"/>
      </object_component>
      <object_component id="oc-2b">
         <name>.text:retain</name>
         <load_address>0x8439a</load_address>
         <run_address>0x8439a</run_address>
         <size>0x96</size>
         <input_file_ref idref="fl-3"/>
      </object_component>
      <object_component id="oc-9b">
         <name>.text</name>
         <load_address>0x84430</load_address>
         <run_address>0x84430</run_address>
         <size>0x88</size>
         <input_file_ref idref="fl-28"/>
      </object_component>
      <object_component id="oc-f2">
         <name>.text</name>
         <load_address>0x844b8</load_address>
         <run_address>0x844b8</run_address>
         <size>0x59</size>
         <input_file_ref idref="fl-26"/>
      </object_component>
      <object_component id="oc-1a">
         <name>.text</name>
         <load_address>0x84511</load_address>
         <run_address>0x84511</run_address>
         <size>0x56</size>
         <input_file_ref idref="fl-27"/>
      </object_component>
      <object_component id="oc-f6">
         <name>.text</name>
         <load_address>0x84567</load_address>
         <run_address>0x84567</run_address>
         <size>0x53</size>
         <input_file_ref idref="fl-10"/>
      </object_component>
      <object_component id="oc-25">
         <name>.text:retain</name>
         <load_address>0x845ba</load_address>
         <run_address>0x845ba</run_address>
         <size>0x41</size>
         <input_file_ref idref="fl-2"/>
      </object_component>
      <object_component id="oc-da">
         <name>.text</name>
         <load_address>0x845fb</load_address>
         <run_address>0x845fb</run_address>
         <size>0x29</size>
         <input_file_ref idref="fl-2d"/>
      </object_component>
      <object_component id="oc-f1">
         <name>.text</name>
         <load_address>0x84624</load_address>
         <run_address>0x84624</run_address>
         <size>0x27</size>
         <input_file_ref idref="fl-24"/>
      </object_component>
      <object_component id="oc-d7">
         <name>.text</name>
         <load_address>0x8464b</load_address>
         <run_address>0x8464b</run_address>
         <size>0x24</size>
         <input_file_ref idref="fl-29"/>
      </object_component>
      <object_component id="oc-e2">
         <name>.text</name>
         <load_address>0x8466f</load_address>
         <run_address>0x8466f</run_address>
         <size>0x21</size>
         <input_file_ref idref="fl-21"/>
      </object_component>
      <object_component id="oc-df">
         <name>.text</name>
         <load_address>0x84690</load_address>
         <run_address>0x84690</run_address>
         <size>0x1d</size>
         <input_file_ref idref="fl-2a"/>
      </object_component>
      <object_component id="oc-d9">
         <name>.text</name>
         <load_address>0x846ad</load_address>
         <run_address>0x846ad</run_address>
         <size>0x12</size>
         <input_file_ref idref="fl-2f"/>
      </object_component>
      <object_component id="oc-fd">
         <name>.text</name>
         <load_address>0x846bf</load_address>
         <run_address>0x846bf</run_address>
         <size>0xa</size>
         <input_file_ref idref="fl-9"/>
      </object_component>
      <object_component id="oc-fe">
         <name>.text</name>
         <load_address>0x846c9</load_address>
         <run_address>0x846c9</run_address>
         <size>0x9</size>
         <input_file_ref idref="fl-2e"/>
      </object_component>
      <object_component id="oc-35">
         <name>.text</name>
         <load_address>0x846d2</load_address>
         <run_address>0x846d2</run_address>
         <size>0x8</size>
         <input_file_ref idref="fl-5"/>
      </object_component>
      <object_component id="oc-10b">
         <name>.text</name>
         <load_address>0x846da</load_address>
         <run_address>0x846da</run_address>
         <size>0x7</size>
         <input_file_ref idref="fl-31"/>
      </object_component>
      <object_component id="oc-e3">
         <name>.text</name>
         <load_address>0x846e1</load_address>
         <run_address>0x846e1</run_address>
         <size>0x5</size>
         <input_file_ref idref="fl-20"/>
      </object_component>
      <object_component id="oc-d6">
         <name>.text</name>
         <load_address>0x846e6</load_address>
         <run_address>0x846e6</run_address>
         <size>0x2</size>
         <input_file_ref idref="fl-2b"/>
      </object_component>
      <object_component id="oc-d8">
         <name>.text</name>
         <load_address>0x846e8</load_address>
         <run_address>0x846e8</run_address>
         <size>0x1</size>
         <input_file_ref idref="fl-2c"/>
      </object_component>
      <object_component id="oc-36">
         <name>codestart</name>
         <load_address>0x80000</load_address>
         <run_address>0x80000</run_address>
         <size>0x2</size>
         <input_file_ref idref="fl-5"/>
      </object_component>
      <object_component id="oc-66">
         <name>.TI.ramfunc</name>
         <load_address>0x86000</load_address>
         <run_address>0x8000</run_address>
         <size>0x4</size>
         <input_file_ref idref="fl-e"/>
      </object_component>
      <object_component id="oc-95">
         <name>.stack</name>
         <uninitialized>true</uninitialized>
         <run_address>0x400</run_address>
         <size>0x0</size>
         <input_file_ref idref="fl-27"/>
      </object_component>
      <object_component id="oc-130">
         <name>.stack</name>
         <uninitialized>true</uninitialized>
         <run_address>0x400</run_address>
         <size>0x0</size>
      </object_component>
      <object_component id="oc-24">
         <name>.ebss</name>
         <uninitialized>true</uninitialized>
         <run_address>0xac00</run_address>
         <size>0x22</size>
         <input_file_ref idref="fl-2"/>
      </object_component>
      <object_component id="oc-e7">
         <name>.ebss:_thetas</name>
         <uninitialized>true</uninitialized>
         <run_address>0xac22</run_address>
         <size>0xc</size>
         <input_file_ref idref="fl-2"/>
      </object_component>
      <object_component id="oc-e8">
         <name>.ebss:_adcHandle</name>
         <uninitialized>true</uninitialized>
         <run_address>0xac2e</run_address>
         <size>0x8</size>
         <input_file_ref idref="fl-2"/>
      </object_component>
      <object_component id="oc-f7">
         <name>.ebss:_canTxMsgData</name>
         <uninitialized>true</uninitialized>
         <run_address>0xac36</run_address>
         <size>0x8</size>
         <input_file_ref idref="fl-2"/>
      </object_component>
      <object_component id="oc-e0">
         <name>.ebss:__lock</name>
         <uninitialized>true</uninitialized>
         <run_address>0xac3e</run_address>
         <size>0x2</size>
         <input_file_ref idref="fl-2e"/>
      </object_component>
      <object_component id="oc-dc">
         <name>.ebss:_functions__9Scheduler</name>
         <uninitialized>true</uninitialized>
         <run_address>0xac40</run_address>
         <size>0x6</size>
         <input_file_ref idref="fl-3"/>
      </object_component>
      <object_component id="oc-fa">
         <name>.ebss:_periods__9Scheduler</name>
         <uninitialized>true</uninitialized>
         <run_address>0xac46</run_address>
         <size>0x6</size>
         <input_file_ref idref="fl-3"/>
      </object_component>
      <object_component id="oc-ed">
         <name>.ebss:_pwmHandle</name>
         <uninitialized>true</uninitialized>
         <run_address>0xac4c</run_address>
         <size>0x6</size>
         <input_file_ref idref="fl-2"/>
      </object_component>
      <object_component id="oc-3d">
         <name>.ebss</name>
         <uninitialized>true</uninitialized>
         <run_address>0xac52</run_address>
         <size>0x6</size>
         <input_file_ref idref="fl-6"/>
      </object_component>
      <object_component id="oc-6e">
         <name>.ebss</name>
         <uninitialized>true</uninitialized>
         <run_address>0xac58</run_address>
         <size>0x6</size>
         <input_file_ref idref="fl-10"/>
      </object_component>
      <object_component id="oc-b6">
         <name>.ebss</name>
         <uninitialized>true</uninitialized>
         <run_address>0xac5e</run_address>
         <size>0x6</size>
         <input_file_ref idref="fl-2d"/>
      </object_component>
      <object_component id="oc-eb">
         <name>.ebss:_adcChannel</name>
         <uninitialized>true</uninitialized>
         <run_address>0xac64</run_address>
         <size>0x4</size>
         <input_file_ref idref="fl-2"/>
      </object_component>
      <object_component id="oc-c7">
         <name>.ebss</name>
         <uninitialized>true</uninitialized>
         <run_address>0xac68</run_address>
         <size>0x4</size>
         <input_file_ref idref="fl-30"/>
      </object_component>
      <object_component id="oc-10a">
         <name>.ebss:__unlock</name>
         <uninitialized>true</uninitialized>
         <run_address>0xac6c</run_address>
         <size>0x2</size>
         <input_file_ref idref="fl-2e"/>
      </object_component>
      <object_component id="oc-84">
         <name>.ebss</name>
         <uninitialized>true</uninitialized>
         <run_address>0xac6e</run_address>
         <size>0x2</size>
         <input_file_ref idref="fl-23"/>
      </object_component>
      <object_component id="oc-d4">
         <name>.ebss</name>
         <uninitialized>true</uninitialized>
         <run_address>0xac70</run_address>
         <size>0x1</size>
         <input_file_ref idref="fl-32"/>
      </object_component>
      <object_component id="oc-c8">
         <name>.esysmem</name>
         <uninitialized>true</uninitialized>
         <run_address>0xa800</run_address>
         <size>0x4</size>
         <input_file_ref idref="fl-30"/>
      </object_component>
      <object_component id="oc-131">
         <name>.esysmem</name>
         <uninitialized>true</uninitialized>
         <run_address>0xa800</run_address>
         <size>0x0</size>
      </object_component>
      <object_component id="oc-104">
         <name>.econst:_crc_table</name>
         <load_address>0x90000</load_address>
         <run_address>0x90000</run_address>
         <size>0x100</size>
         <input_file_ref idref="fl-f"/>
      </object_component>
      <object_component id="oc-e5">
         <name>.econst:_WatchdogResponses</name>
         <load_address>0x90100</load_address>
         <run_address>0x90100</run_address>
         <size>0x40</size>
         <input_file_ref idref="fl-2"/>
      </object_component>
      <object_component id="oc-e6">
         <name>.econst:_RegisterConfig</name>
         <load_address>0x90140</load_address>
         <run_address>0x90140</run_address>
         <size>0x1c</size>
         <input_file_ref idref="fl-2"/>
      </object_component>
      <object_component id="oc-109">
         <name>.econst:_GateDriverRegisterSetup__17TeslaM3GateDriver</name>
         <load_address>0x9015c</load_address>
         <run_address>0x9015c</run_address>
         <size>0x18</size>
         <input_file_ref idref="fl-1"/>
      </object_component>
      <object_component id="oc-fc">
         <name>.econst:_cpuTimerBases</name>
         <load_address>0x90174</load_address>
         <run_address>0x90174</run_address>
         <size>0x6</size>
         <input_file_ref idref="fl-3"/>
      </object_component>
      <object_component id="oc-f9">
         <name>.econst:_interruptTimers</name>
         <load_address>0x9017a</load_address>
         <run_address>0x9017a</run_address>
         <size>0x6</size>
         <input_file_ref idref="fl-3"/>
      </object_component>
      <object_component id="oc-105">
         <name>.econst:_$P$T1$1</name>
         <load_address>0x90180</load_address>
         <run_address>0x90180</run_address>
         <size>0x3</size>
         <input_file_ref idref="fl-1"/>
      </object_component>
      <object_component id="oc-107">
         <name>.econst:_$P$T2$2</name>
         <load_address>0x90183</load_address>
         <run_address>0x90183</run_address>
         <size>0x3</size>
         <input_file_ref idref="fl-1"/>
      </object_component>
      <object_component id="oc-108">
         <name>.econst:_$P$T3$3</name>
         <load_address>0x90186</load_address>
         <run_address>0x90186</run_address>
         <size>0x3</size>
         <input_file_ref idref="fl-1"/>
      </object_component>
      <object_component id="oc-106">
         <name>.econst:_NullGateDriverRegister__17TeslaM3GateDriver</name>
         <load_address>0x90189</load_address>
         <run_address>0x90189</run_address>
         <size>0x3</size>
         <input_file_ref idref="fl-1"/>
      </object_component>
      <object_component id="oc-1c">
         <name>.econst</name>
         <load_address>0x9018c</load_address>
         <run_address>0x9018c</run_address>
         <size>0x1</size>
         <input_file_ref idref="fl-1"/>
      </object_component>
      <object_component id="oc-96">
         <name>.reset</name>
         <load_address>0x3fffc0</load_address>
         <run_address>0x3fffc0</run_address>
         <size>0x2</size>
         <input_file_ref idref="fl-27"/>
      </object_component>
      <object_component id="oc-10c">
         <name>.TI.memcrc:_table_name</name>
         <load_address>0x0</load_address>
         <run_address>0x0</run_address>
         <size>0x60</size>
      </object_component>
      <object_component id="oc-1b">
         <name>.debug_info</name>
         <load_address>0x0</load_address>
         <run_address>0x0</run_address>
         <size>0x2e39</size>
         <input_file_ref idref="fl-1"/>
      </object_component>
      <object_component id="oc-22">
         <name>.debug_info</name>
         <load_address>0x2e39</load_address>
         <run_address>0x2e39</run_address>
         <size>0xa7fb</size>
         <input_file_ref idref="fl-2"/>
      </object_component>
      <object_component id="oc-2a">
         <name>.debug_info</name>
         <load_address>0xd634</load_address>
         <run_address>0xd634</run_address>
         <size>0x167a</size>
         <input_file_ref idref="fl-3"/>
      </object_component>
      <object_component id="oc-30">
         <name>.debug_info</name>
         <load_address>0xecae</load_address>
         <run_address>0xecae</run_address>
         <size>0x13fd</size>
         <input_file_ref idref="fl-4"/>
      </object_component>
      <object_component id="oc-38">
         <name>.debug_info</name>
         <load_address>0x100ab</load_address>
         <run_address>0x100ab</run_address>
         <size>0x145</size>
         <input_file_ref idref="fl-5"/>
      </object_component>
      <object_component id="oc-3b">
         <name>.debug_info</name>
         <load_address>0x101f0</load_address>
         <run_address>0x101f0</run_address>
         <size>0x3450</size>
         <input_file_ref idref="fl-6"/>
      </object_component>
      <object_component id="oc-42">
         <name>.debug_info</name>
         <load_address>0x13640</load_address>
         <run_address>0x13640</run_address>
         <size>0x724</size>
         <input_file_ref idref="fl-7"/>
      </object_component>
      <object_component id="oc-47">
         <name>.debug_info</name>
         <load_address>0x13d64</load_address>
         <run_address>0x13d64</run_address>
         <size>0x14f2</size>
         <input_file_ref idref="fl-8"/>
      </object_component>
      <object_component id="oc-4c">
         <name>.debug_info</name>
         <load_address>0x15256</load_address>
         <run_address>0x15256</run_address>
         <size>0x4cf</size>
         <input_file_ref idref="fl-9"/>
      </object_component>
      <object_component id="oc-51">
         <name>.debug_info</name>
         <load_address>0x15725</load_address>
         <run_address>0x15725</run_address>
         <size>0xc23</size>
         <input_file_ref idref="fl-a"/>
      </object_component>
      <object_component id="oc-56">
         <name>.debug_info</name>
         <load_address>0x16348</load_address>
         <run_address>0x16348</run_address>
         <size>0x1256</size>
         <input_file_ref idref="fl-b"/>
      </object_component>
      <object_component id="oc-5b">
         <name>.debug_info</name>
         <load_address>0x1759e</load_address>
         <run_address>0x1759e</run_address>
         <size>0xdfd</size>
         <input_file_ref idref="fl-c"/>
      </object_component>
      <object_component id="oc-60">
         <name>.debug_info</name>
         <load_address>0x1839b</load_address>
         <run_address>0x1839b</run_address>
         <size>0x90b</size>
         <input_file_ref idref="fl-d"/>
      </object_component>
      <object_component id="oc-65">
         <name>.debug_info</name>
         <load_address>0x18ca6</load_address>
         <run_address>0x18ca6</run_address>
         <size>0x20d6</size>
         <input_file_ref idref="fl-e"/>
      </object_component>
      <object_component id="oc-6b">
         <name>.debug_info</name>
         <load_address>0x1ad7c</load_address>
         <run_address>0x1ad7c</run_address>
         <size>0x1d9</size>
         <input_file_ref idref="fl-f"/>
      </object_component>
      <object_component id="oc-6d">
         <name>.debug_info</name>
         <load_address>0x1af55</load_address>
         <run_address>0x1af55</run_address>
         <size>0xaa6</size>
         <input_file_ref idref="fl-10"/>
      </object_component>
      <object_component id="oc-73">
         <name>.debug_info</name>
         <load_address>0x1b9fb</load_address>
         <run_address>0x1b9fb</run_address>
         <size>0x3e5</size>
         <input_file_ref idref="fl-20"/>
      </object_component>
      <object_component id="oc-78">
         <name>.debug_info</name>
         <load_address>0x1bde0</load_address>
         <run_address>0x1bde0</run_address>
         <size>0x48b</size>
         <input_file_ref idref="fl-21"/>
      </object_component>
      <object_component id="oc-7d">
         <name>.debug_info</name>
         <load_address>0x1c26b</load_address>
         <run_address>0x1c26b</run_address>
         <size>0x3bd</size>
         <input_file_ref idref="fl-22"/>
      </object_component>
      <object_component id="oc-82">
         <name>.debug_info</name>
         <load_address>0x1c628</load_address>
         <run_address>0x1c628</run_address>
         <size>0x1ee</size>
         <input_file_ref idref="fl-23"/>
      </object_component>
      <object_component id="oc-86">
         <name>.debug_info</name>
         <load_address>0x1c816</load_address>
         <run_address>0x1c816</run_address>
         <size>0x3db</size>
         <input_file_ref idref="fl-24"/>
      </object_component>
      <object_component id="oc-8b">
         <name>.debug_info</name>
         <load_address>0x1cbf1</load_address>
         <run_address>0x1cbf1</run_address>
         <size>0x3cf</size>
         <input_file_ref idref="fl-25"/>
      </object_component>
      <object_component id="oc-90">
         <name>.debug_info</name>
         <load_address>0x1cfc0</load_address>
         <run_address>0x1cfc0</run_address>
         <size>0x3e1</size>
         <input_file_ref idref="fl-26"/>
      </object_component>
      <object_component id="oc-97">
         <name>.debug_info</name>
         <load_address>0x1d3a1</load_address>
         <run_address>0x1d3a1</run_address>
         <size>0x173</size>
         <input_file_ref idref="fl-27"/>
      </object_component>
      <object_component id="oc-9c">
         <name>.debug_info</name>
         <load_address>0x1d514</load_address>
         <run_address>0x1d514</run_address>
         <size>0x114</size>
         <input_file_ref idref="fl-28"/>
      </object_component>
      <object_component id="oc-a0">
         <name>.debug_info</name>
         <load_address>0x1d628</load_address>
         <run_address>0x1d628</run_address>
         <size>0x561</size>
         <input_file_ref idref="fl-29"/>
      </object_component>
      <object_component id="oc-a5">
         <name>.debug_info</name>
         <load_address>0x1db89</load_address>
         <run_address>0x1db89</run_address>
         <size>0x43a</size>
         <input_file_ref idref="fl-2a"/>
      </object_component>
      <object_component id="oc-aa">
         <name>.debug_info</name>
         <load_address>0x1dfc3</load_address>
         <run_address>0x1dfc3</run_address>
         <size>0x3ad</size>
         <input_file_ref idref="fl-2b"/>
      </object_component>
      <object_component id="oc-af">
         <name>.debug_info</name>
         <load_address>0x1e370</load_address>
         <run_address>0x1e370</run_address>
         <size>0x3aa</size>
         <input_file_ref idref="fl-2c"/>
      </object_component>
      <object_component id="oc-b4">
         <name>.debug_info</name>
         <load_address>0x1e71a</load_address>
         <run_address>0x1e71a</run_address>
         <size>0x544</size>
         <input_file_ref idref="fl-2d"/>
      </object_component>
      <object_component id="oc-bb">
         <name>.debug_info</name>
         <load_address>0x1ec5e</load_address>
         <run_address>0x1ec5e</run_address>
         <size>0x4cc</size>
         <input_file_ref idref="fl-2e"/>
      </object_component>
      <object_component id="oc-c0">
         <name>.debug_info</name>
         <load_address>0x1f12a</load_address>
         <run_address>0x1f12a</run_address>
         <size>0x467</size>
         <input_file_ref idref="fl-2f"/>
      </object_component>
      <object_component id="oc-c5">
         <name>.debug_info</name>
         <load_address>0x1f591</load_address>
         <run_address>0x1f591</run_address>
         <size>0xf62</size>
         <input_file_ref idref="fl-30"/>
      </object_component>
      <object_component id="oc-cd">
         <name>.debug_info</name>
         <load_address>0x204f3</load_address>
         <run_address>0x204f3</run_address>
         <size>0x502</size>
         <input_file_ref idref="fl-31"/>
      </object_component>
      <object_component id="oc-d2">
         <name>.debug_info</name>
         <load_address>0x209f5</load_address>
         <run_address>0x209f5</run_address>
         <size>0x1c6</size>
         <input_file_ref idref="fl-32"/>
      </object_component>
      <object_component id="oc-136">
         <name>.debug_info</name>
         <load_address>0x20bbb</load_address>
         <run_address>0x20bbb</run_address>
         <size>0x9c</size>
      </object_component>
      <object_component id="oc-1d">
         <name>.debug_frame</name>
         <load_address>0x0</load_address>
         <run_address>0x0</run_address>
         <size>0x2a4</size>
         <input_file_ref idref="fl-1"/>
      </object_component>
      <object_component id="oc-26">
         <name>.debug_frame</name>
         <load_address>0x2a4</load_address>
         <run_address>0x2a4</run_address>
         <size>0x8b4</size>
         <input_file_ref idref="fl-2"/>
      </object_component>
      <object_component id="oc-2c">
         <name>.debug_frame</name>
         <load_address>0xb58</load_address>
         <run_address>0xb58</run_address>
         <size>0x300</size>
         <input_file_ref idref="fl-3"/>
      </object_component>
      <object_component id="oc-31">
         <name>.debug_frame</name>
         <load_address>0xe58</load_address>
         <run_address>0xe58</run_address>
         <size>0x158</size>
         <input_file_ref idref="fl-4"/>
      </object_component>
      <object_component id="oc-3e">
         <name>.debug_frame</name>
         <load_address>0xfb0</load_address>
         <run_address>0xfb0</run_address>
         <size>0x230</size>
         <input_file_ref idref="fl-6"/>
      </object_component>
      <object_component id="oc-43">
         <name>.debug_frame</name>
         <load_address>0x11e0</load_address>
         <run_address>0x11e0</run_address>
         <size>0x60</size>
         <input_file_ref idref="fl-7"/>
      </object_component>
      <object_component id="oc-48">
         <name>.debug_frame</name>
         <load_address>0x1240</load_address>
         <run_address>0x1240</run_address>
         <size>0x194</size>
         <input_file_ref idref="fl-8"/>
      </object_component>
      <object_component id="oc-4d">
         <name>.debug_frame</name>
         <load_address>0x13d4</load_address>
         <run_address>0x13d4</run_address>
         <size>0x44</size>
         <input_file_ref idref="fl-9"/>
      </object_component>
      <object_component id="oc-52">
         <name>.debug_frame</name>
         <load_address>0x1418</load_address>
         <run_address>0x1418</run_address>
         <size>0x28</size>
         <input_file_ref idref="fl-a"/>
      </object_component>
      <object_component id="oc-57">
         <name>.debug_frame</name>
         <load_address>0x1440</load_address>
         <run_address>0x1440</run_address>
         <size>0x178</size>
         <input_file_ref idref="fl-b"/>
      </object_component>
      <object_component id="oc-5c">
         <name>.debug_frame</name>
         <load_address>0x15b8</load_address>
         <run_address>0x15b8</run_address>
         <size>0x128</size>
         <input_file_ref idref="fl-c"/>
      </object_component>
      <object_component id="oc-61">
         <name>.debug_frame</name>
         <load_address>0x16e0</load_address>
         <run_address>0x16e0</run_address>
         <size>0xe0</size>
         <input_file_ref idref="fl-d"/>
      </object_component>
      <object_component id="oc-67">
         <name>.debug_frame</name>
         <load_address>0x17c0</load_address>
         <run_address>0x17c0</run_address>
         <size>0x25c</size>
         <input_file_ref idref="fl-e"/>
      </object_component>
      <object_component id="oc-6f">
         <name>.debug_frame</name>
         <load_address>0x1a1c</load_address>
         <run_address>0x1a1c</run_address>
         <size>0x7c</size>
         <input_file_ref idref="fl-10"/>
      </object_component>
      <object_component id="oc-74">
         <name>.debug_frame</name>
         <load_address>0x1a98</load_address>
         <run_address>0x1a98</run_address>
         <size>0x40</size>
         <input_file_ref idref="fl-20"/>
      </object_component>
      <object_component id="oc-79">
         <name>.debug_frame</name>
         <load_address>0x1ad8</load_address>
         <run_address>0x1ad8</run_address>
         <size>0x58</size>
         <input_file_ref idref="fl-21"/>
      </object_component>
      <object_component id="oc-7e">
         <name>.debug_frame</name>
         <load_address>0x1b30</load_address>
         <run_address>0x1b30</run_address>
         <size>0x40</size>
         <input_file_ref idref="fl-22"/>
      </object_component>
      <object_component id="oc-87">
         <name>.debug_frame</name>
         <load_address>0x1b70</load_address>
         <run_address>0x1b70</run_address>
         <size>0x44</size>
         <input_file_ref idref="fl-24"/>
      </object_component>
      <object_component id="oc-8c">
         <name>.debug_frame</name>
         <load_address>0x1bb4</load_address>
         <run_address>0x1bb4</run_address>
         <size>0x44</size>
         <input_file_ref idref="fl-25"/>
      </object_component>
      <object_component id="oc-91">
         <name>.debug_frame</name>
         <load_address>0x1bf8</load_address>
         <run_address>0x1bf8</run_address>
         <size>0x44</size>
         <input_file_ref idref="fl-26"/>
      </object_component>
      <object_component id="oc-a1">
         <name>.debug_frame</name>
         <load_address>0x1c3c</load_address>
         <run_address>0x1c3c</run_address>
         <size>0x60</size>
         <input_file_ref idref="fl-29"/>
      </object_component>
      <object_component id="oc-a6">
         <name>.debug_frame</name>
         <load_address>0x1c9c</load_address>
         <run_address>0x1c9c</run_address>
         <size>0x40</size>
         <input_file_ref idref="fl-2a"/>
      </object_component>
      <object_component id="oc-ab">
         <name>.debug_frame</name>
         <load_address>0x1cdc</load_address>
         <run_address>0x1cdc</run_address>
         <size>0x40</size>
         <input_file_ref idref="fl-2b"/>
      </object_component>
      <object_component id="oc-b0">
         <name>.debug_frame</name>
         <load_address>0x1d1c</load_address>
         <run_address>0x1d1c</run_address>
         <size>0x40</size>
         <input_file_ref idref="fl-2c"/>
      </object_component>
      <object_component id="oc-b7">
         <name>.debug_frame</name>
         <load_address>0x1d5c</load_address>
         <run_address>0x1d5c</run_address>
         <size>0x60</size>
         <input_file_ref idref="fl-2d"/>
      </object_component>
      <object_component id="oc-bc">
         <name>.debug_frame</name>
         <load_address>0x1dbc</load_address>
         <run_address>0x1dbc</run_address>
         <size>0x70</size>
         <input_file_ref idref="fl-2e"/>
      </object_component>
      <object_component id="oc-c1">
         <name>.debug_frame</name>
         <load_address>0x1e2c</load_address>
         <run_address>0x1e2c</run_address>
         <size>0x40</size>
         <input_file_ref idref="fl-2f"/>
      </object_component>
      <object_component id="oc-c9">
         <name>.debug_frame</name>
         <load_address>0x1e6c</load_address>
         <run_address>0x1e6c</run_address>
         <size>0x1c0</size>
         <input_file_ref idref="fl-30"/>
      </object_component>
      <object_component id="oc-ce">
         <name>.debug_frame</name>
         <load_address>0x202c</load_address>
         <run_address>0x202c</run_address>
         <size>0x40</size>
         <input_file_ref idref="fl-31"/>
      </object_component>
      <object_component id="oc-1e">
         <name>.debug_line</name>
         <load_address>0x0</load_address>
         <run_address>0x0</run_address>
         <size>0x4c7</size>
         <input_file_ref idref="fl-1"/>
      </object_component>
      <object_component id="oc-27">
         <name>.debug_line</name>
         <load_address>0x4c7</load_address>
         <run_address>0x4c7</run_address>
         <size>0xdda</size>
         <input_file_ref idref="fl-2"/>
      </object_component>
      <object_component id="oc-2d">
         <name>.debug_line</name>
         <load_address>0x12a1</load_address>
         <run_address>0x12a1</run_address>
         <size>0x2ed</size>
         <input_file_ref idref="fl-3"/>
      </object_component>
      <object_component id="oc-32">
         <name>.debug_line</name>
         <load_address>0x158e</load_address>
         <run_address>0x158e</run_address>
         <size>0x1c7</size>
         <input_file_ref idref="fl-4"/>
      </object_component>
      <object_component id="oc-37">
         <name>.debug_line</name>
         <load_address>0x1755</load_address>
         <run_address>0x1755</run_address>
         <size>0x72</size>
         <input_file_ref idref="fl-5"/>
      </object_component>
      <object_component id="oc-3f">
         <name>.debug_line</name>
         <load_address>0x17c7</load_address>
         <run_address>0x17c7</run_address>
         <size>0x44d</size>
         <input_file_ref idref="fl-6"/>
      </object_component>
      <object_component id="oc-44">
         <name>.debug_line</name>
         <load_address>0x1c14</load_address>
         <run_address>0x1c14</run_address>
         <size>0xdd</size>
         <input_file_ref idref="fl-7"/>
      </object_component>
      <object_component id="oc-49">
         <name>.debug_line</name>
         <load_address>0x1cf1</load_address>
         <run_address>0x1cf1</run_address>
         <size>0x34b</size>
         <input_file_ref idref="fl-8"/>
      </object_component>
      <object_component id="oc-4e">
         <name>.debug_line</name>
         <load_address>0x203c</load_address>
         <run_address>0x203c</run_address>
         <size>0x4f</size>
         <input_file_ref idref="fl-9"/>
      </object_component>
      <object_component id="oc-53">
         <name>.debug_line</name>
         <load_address>0x208b</load_address>
         <run_address>0x208b</run_address>
         <size>0xfb</size>
         <input_file_ref idref="fl-a"/>
      </object_component>
      <object_component id="oc-58">
         <name>.debug_line</name>
         <load_address>0x2186</load_address>
         <run_address>0x2186</run_address>
         <size>0x294</size>
         <input_file_ref idref="fl-b"/>
      </object_component>
      <object_component id="oc-5d">
         <name>.debug_line</name>
         <load_address>0x241a</load_address>
         <run_address>0x241a</run_address>
         <size>0x23c</size>
         <input_file_ref idref="fl-c"/>
      </object_component>
      <object_component id="oc-62">
         <name>.debug_line</name>
         <load_address>0x2656</load_address>
         <run_address>0x2656</run_address>
         <size>0x134</size>
         <input_file_ref idref="fl-d"/>
      </object_component>
      <object_component id="oc-68">
         <name>.debug_line</name>
         <load_address>0x278a</load_address>
         <run_address>0x278a</run_address>
         <size>0x6bf</size>
         <input_file_ref idref="fl-e"/>
      </object_component>
      <object_component id="oc-70">
         <name>.debug_line</name>
         <load_address>0x2e49</load_address>
         <run_address>0x2e49</run_address>
         <size>0x126</size>
         <input_file_ref idref="fl-10"/>
      </object_component>
      <object_component id="oc-75">
         <name>.debug_line</name>
         <load_address>0x2f6f</load_address>
         <run_address>0x2f6f</run_address>
         <size>0x3f</size>
         <input_file_ref idref="fl-20"/>
      </object_component>
      <object_component id="oc-7a">
         <name>.debug_line</name>
         <load_address>0x2fae</load_address>
         <run_address>0x2fae</run_address>
         <size>0x4f</size>
         <input_file_ref idref="fl-21"/>
      </object_component>
      <object_component id="oc-7f">
         <name>.debug_line</name>
         <load_address>0x2ffd</load_address>
         <run_address>0x2ffd</run_address>
         <size>0x3d</size>
         <input_file_ref idref="fl-22"/>
      </object_component>
      <object_component id="oc-88">
         <name>.debug_line</name>
         <load_address>0x303a</load_address>
         <run_address>0x303a</run_address>
         <size>0x57</size>
         <input_file_ref idref="fl-24"/>
      </object_component>
      <object_component id="oc-8d">
         <name>.debug_line</name>
         <load_address>0x3091</load_address>
         <run_address>0x3091</run_address>
         <size>0x50</size>
         <input_file_ref idref="fl-25"/>
      </object_component>
      <object_component id="oc-92">
         <name>.debug_line</name>
         <load_address>0x30e1</load_address>
         <run_address>0x30e1</run_address>
         <size>0x60</size>
         <input_file_ref idref="fl-26"/>
      </object_component>
      <object_component id="oc-98">
         <name>.debug_line</name>
         <load_address>0x3141</load_address>
         <run_address>0x3141</run_address>
         <size>0x7e</size>
         <input_file_ref idref="fl-27"/>
      </object_component>
      <object_component id="oc-9d">
         <name>.debug_line</name>
         <load_address>0x31bf</load_address>
         <run_address>0x31bf</run_address>
         <size>0xad</size>
         <input_file_ref idref="fl-28"/>
      </object_component>
      <object_component id="oc-a2">
         <name>.debug_line</name>
         <load_address>0x326c</load_address>
         <run_address>0x326c</run_address>
         <size>0x50</size>
         <input_file_ref idref="fl-29"/>
      </object_component>
      <object_component id="oc-a7">
         <name>.debug_line</name>
         <load_address>0x32bc</load_address>
         <run_address>0x32bc</run_address>
         <size>0x62</size>
         <input_file_ref idref="fl-2a"/>
      </object_component>
      <object_component id="oc-ac">
         <name>.debug_line</name>
         <load_address>0x331e</load_address>
         <run_address>0x331e</run_address>
         <size>0x3e</size>
         <input_file_ref idref="fl-2b"/>
      </object_component>
      <object_component id="oc-b1">
         <name>.debug_line</name>
         <load_address>0x335c</load_address>
         <run_address>0x335c</run_address>
         <size>0x3a</size>
         <input_file_ref idref="fl-2c"/>
      </object_component>
      <object_component id="oc-b8">
         <name>.debug_line</name>
         <load_address>0x3396</load_address>
         <run_address>0x3396</run_address>
         <size>0x65</size>
         <input_file_ref idref="fl-2d"/>
      </object_component>
      <object_component id="oc-bd">
         <name>.debug_line</name>
         <load_address>0x33fb</load_address>
         <run_address>0x33fb</run_address>
         <size>0x5e</size>
         <input_file_ref idref="fl-2e"/>
      </object_component>
      <object_component id="oc-c2">
         <name>.debug_line</name>
         <load_address>0x3459</load_address>
         <run_address>0x3459</run_address>
         <size>0x4f</size>
         <input_file_ref idref="fl-2f"/>
      </object_component>
      <object_component id="oc-ca">
         <name>.debug_line</name>
         <load_address>0x34a8</load_address>
         <run_address>0x34a8</run_address>
         <size>0x420</size>
         <input_file_ref idref="fl-30"/>
      </object_component>
      <object_component id="oc-cf">
         <name>.debug_line</name>
         <load_address>0x38c8</load_address>
         <run_address>0x38c8</run_address>
         <size>0xb1</size>
         <input_file_ref idref="fl-31"/>
      </object_component>
      <object_component id="oc-1f">
         <name>.debug_abbrev</name>
         <load_address>0x0</load_address>
         <run_address>0x0</run_address>
         <size>0x301</size>
         <input_file_ref idref="fl-1"/>
      </object_component>
      <object_component id="oc-28">
         <name>.debug_abbrev</name>
         <load_address>0x301</load_address>
         <run_address>0x301</run_address>
         <size>0x33f</size>
         <input_file_ref idref="fl-2"/>
      </object_component>
      <object_component id="oc-2e">
         <name>.debug_abbrev</name>
         <load_address>0x640</load_address>
         <run_address>0x640</run_address>
         <size>0x19f</size>
         <input_file_ref idref="fl-3"/>
      </object_component>
      <object_component id="oc-33">
         <name>.debug_abbrev</name>
         <load_address>0x7df</load_address>
         <run_address>0x7df</run_address>
         <size>0x10b</size>
         <input_file_ref idref="fl-4"/>
      </object_component>
      <object_component id="oc-39">
         <name>.debug_abbrev</name>
         <load_address>0x8ea</load_address>
         <run_address>0x8ea</run_address>
         <size>0x21</size>
         <input_file_ref idref="fl-5"/>
      </object_component>
      <object_component id="oc-40">
         <name>.debug_abbrev</name>
         <load_address>0x90b</load_address>
         <run_address>0x90b</run_address>
         <size>0x1d5</size>
         <input_file_ref idref="fl-6"/>
      </object_component>
      <object_component id="oc-45">
         <name>.debug_abbrev</name>
         <load_address>0xae0</load_address>
         <run_address>0xae0</run_address>
         <size>0xd2</size>
         <input_file_ref idref="fl-7"/>
      </object_component>
      <object_component id="oc-4a">
         <name>.debug_abbrev</name>
         <load_address>0xbb2</load_address>
         <run_address>0xbb2</run_address>
         <size>0x176</size>
         <input_file_ref idref="fl-8"/>
      </object_component>
      <object_component id="oc-4f">
         <name>.debug_abbrev</name>
         <load_address>0xd28</load_address>
         <run_address>0xd28</run_address>
         <size>0xa5</size>
         <input_file_ref idref="fl-9"/>
      </object_component>
      <object_component id="oc-54">
         <name>.debug_abbrev</name>
         <load_address>0xdcd</load_address>
         <run_address>0xdcd</run_address>
         <size>0x128</size>
         <input_file_ref idref="fl-a"/>
      </object_component>
      <object_component id="oc-59">
         <name>.debug_abbrev</name>
         <load_address>0xef5</load_address>
         <run_address>0xef5</run_address>
         <size>0x18a</size>
         <input_file_ref idref="fl-b"/>
      </object_component>
      <object_component id="oc-5e">
         <name>.debug_abbrev</name>
         <load_address>0x107f</load_address>
         <run_address>0x107f</run_address>
         <size>0x17c</size>
         <input_file_ref idref="fl-c"/>
      </object_component>
      <object_component id="oc-63">
         <name>.debug_abbrev</name>
         <load_address>0x11fb</load_address>
         <run_address>0x11fb</run_address>
         <size>0xec</size>
         <input_file_ref idref="fl-d"/>
      </object_component>
      <object_component id="oc-69">
         <name>.debug_abbrev</name>
         <load_address>0x12e7</load_address>
         <run_address>0x12e7</run_address>
         <size>0x1ad</size>
         <input_file_ref idref="fl-e"/>
      </object_component>
      <object_component id="oc-6c">
         <name>.debug_abbrev</name>
         <load_address>0x1494</load_address>
         <run_address>0x1494</run_address>
         <size>0x62</size>
         <input_file_ref idref="fl-f"/>
      </object_component>
      <object_component id="oc-71">
         <name>.debug_abbrev</name>
         <load_address>0x14f6</load_address>
         <run_address>0x14f6</run_address>
         <size>0x1be</size>
         <input_file_ref idref="fl-10"/>
      </object_component>
      <object_component id="oc-76">
         <name>.debug_abbrev</name>
         <load_address>0x16b4</load_address>
         <run_address>0x16b4</run_address>
         <size>0xb0</size>
         <input_file_ref idref="fl-20"/>
      </object_component>
      <object_component id="oc-7b">
         <name>.debug_abbrev</name>
         <load_address>0x1764</load_address>
         <run_address>0x1764</run_address>
         <size>0xf1</size>
         <input_file_ref idref="fl-21"/>
      </object_component>
      <object_component id="oc-80">
         <name>.debug_abbrev</name>
         <load_address>0x1855</load_address>
         <run_address>0x1855</run_address>
         <size>0x66</size>
         <input_file_ref idref="fl-22"/>
      </object_component>
      <object_component id="oc-85">
         <name>.debug_abbrev</name>
         <load_address>0x18bb</load_address>
         <run_address>0x18bb</run_address>
         <size>0x4e</size>
         <input_file_ref idref="fl-23"/>
      </object_component>
      <object_component id="oc-89">
         <name>.debug_abbrev</name>
         <load_address>0x1909</load_address>
         <run_address>0x1909</run_address>
         <size>0xa4</size>
         <input_file_ref idref="fl-24"/>
      </object_component>
      <object_component id="oc-8e">
         <name>.debug_abbrev</name>
         <load_address>0x19ad</load_address>
         <run_address>0x19ad</run_address>
         <size>0x84</size>
         <input_file_ref idref="fl-25"/>
      </object_component>
      <object_component id="oc-93">
         <name>.debug_abbrev</name>
         <load_address>0x1a31</load_address>
         <run_address>0x1a31</run_address>
         <size>0x84</size>
         <input_file_ref idref="fl-26"/>
      </object_component>
      <object_component id="oc-99">
         <name>.debug_abbrev</name>
         <load_address>0x1ab5</load_address>
         <run_address>0x1ab5</run_address>
         <size>0x46</size>
         <input_file_ref idref="fl-27"/>
      </object_component>
      <object_component id="oc-9e">
         <name>.debug_abbrev</name>
         <load_address>0x1afb</load_address>
         <run_address>0x1afb</run_address>
         <size>0x38</size>
         <input_file_ref idref="fl-28"/>
      </object_component>
      <object_component id="oc-a3">
         <name>.debug_abbrev</name>
         <load_address>0x1b33</load_address>
         <run_address>0x1b33</run_address>
         <size>0xe3</size>
         <input_file_ref idref="fl-29"/>
      </object_component>
      <object_component id="oc-a8">
         <name>.debug_abbrev</name>
         <load_address>0x1c16</load_address>
         <run_address>0x1c16</run_address>
         <size>0xa8</size>
         <input_file_ref idref="fl-2a"/>
      </object_component>
      <object_component id="oc-ad">
         <name>.debug_abbrev</name>
         <load_address>0x1cbe</load_address>
         <run_address>0x1cbe</run_address>
         <size>0x68</size>
         <input_file_ref idref="fl-2b"/>
      </object_component>
      <object_component id="oc-b2">
         <name>.debug_abbrev</name>
         <load_address>0x1d26</load_address>
         <run_address>0x1d26</run_address>
         <size>0x66</size>
         <input_file_ref idref="fl-2c"/>
      </object_component>
      <object_component id="oc-b9">
         <name>.debug_abbrev</name>
         <load_address>0x1d8c</load_address>
         <run_address>0x1d8c</run_address>
         <size>0x130</size>
         <input_file_ref idref="fl-2d"/>
      </object_component>
      <object_component id="oc-be">
         <name>.debug_abbrev</name>
         <load_address>0x1ebc</load_address>
         <run_address>0x1ebc</run_address>
         <size>0xb2</size>
         <input_file_ref idref="fl-2e"/>
      </object_component>
      <object_component id="oc-c3">
         <name>.debug_abbrev</name>
         <load_address>0x1f6e</load_address>
         <run_address>0x1f6e</run_address>
         <size>0xee</size>
         <input_file_ref idref="fl-2f"/>
      </object_component>
      <object_component id="oc-cb">
         <name>.debug_abbrev</name>
         <load_address>0x205c</load_address>
         <run_address>0x205c</run_address>
         <size>0x198</size>
         <input_file_ref idref="fl-30"/>
      </object_component>
      <object_component id="oc-d0">
         <name>.debug_abbrev</name>
         <load_address>0x21f4</load_address>
         <run_address>0x21f4</run_address>
         <size>0xa8</size>
         <input_file_ref idref="fl-31"/>
      </object_component>
      <object_component id="oc-d5">
         <name>.debug_abbrev</name>
         <load_address>0x229c</load_address>
         <run_address>0x229c</run_address>
         <size>0x31</size>
         <input_file_ref idref="fl-32"/>
      </object_component>
      <object_component id="oc-137">
         <name>.debug_abbrev</name>
         <load_address>0x22cd</load_address>
         <run_address>0x22cd</run_address>
         <size>0xf</size>
      </object_component>
      <object_component id="oc-20">
         <name>.debug_aranges</name>
         <load_address>0x0</load_address>
         <run_address>0x0</run_address>
         <size>0xc8</size>
         <input_file_ref idref="fl-1"/>
      </object_component>
      <object_component id="oc-29">
         <name>.debug_aranges</name>
         <load_address>0xc8</load_address>
         <run_address>0xc8</run_address>
         <size>0x268</size>
         <input_file_ref idref="fl-2"/>
      </object_component>
      <object_component id="oc-2f">
         <name>.debug_aranges</name>
         <load_address>0x330</load_address>
         <run_address>0x330</run_address>
         <size>0x90</size>
         <input_file_ref idref="fl-3"/>
      </object_component>
      <object_component id="oc-34">
         <name>.debug_aranges</name>
         <load_address>0x3c0</load_address>
         <run_address>0x3c0</run_address>
         <size>0x70</size>
         <input_file_ref idref="fl-4"/>
      </object_component>
      <object_component id="oc-3a">
         <name>.debug_aranges</name>
         <load_address>0x430</load_address>
         <run_address>0x430</run_address>
         <size>0x28</size>
         <input_file_ref idref="fl-5"/>
      </object_component>
      <object_component id="oc-41">
         <name>.debug_aranges</name>
         <load_address>0x458</load_address>
         <run_address>0x458</run_address>
         <size>0xb8</size>
         <input_file_ref idref="fl-6"/>
      </object_component>
      <object_component id="oc-46">
         <name>.debug_aranges</name>
         <load_address>0x510</load_address>
         <run_address>0x510</run_address>
         <size>0x28</size>
         <input_file_ref idref="fl-7"/>
      </object_component>
      <object_component id="oc-4b">
         <name>.debug_aranges</name>
         <load_address>0x538</load_address>
         <run_address>0x538</run_address>
         <size>0x80</size>
         <input_file_ref idref="fl-8"/>
      </object_component>
      <object_component id="oc-50">
         <name>.debug_aranges</name>
         <load_address>0x5b8</load_address>
         <run_address>0x5b8</run_address>
         <size>0x20</size>
         <input_file_ref idref="fl-9"/>
      </object_component>
      <object_component id="oc-55">
         <name>.debug_aranges</name>
         <load_address>0x5d8</load_address>
         <run_address>0x5d8</run_address>
         <size>0x18</size>
         <input_file_ref idref="fl-a"/>
      </object_component>
      <object_component id="oc-5a">
         <name>.debug_aranges</name>
         <load_address>0x5f0</load_address>
         <run_address>0x5f0</run_address>
         <size>0x78</size>
         <input_file_ref idref="fl-b"/>
      </object_component>
      <object_component id="oc-5f">
         <name>.debug_aranges</name>
         <load_address>0x668</load_address>
         <run_address>0x668</run_address>
         <size>0x68</size>
         <input_file_ref idref="fl-c"/>
      </object_component>
      <object_component id="oc-64">
         <name>.debug_aranges</name>
         <load_address>0x6d0</load_address>
         <run_address>0x6d0</run_address>
         <size>0x48</size>
         <input_file_ref idref="fl-d"/>
      </object_component>
      <object_component id="oc-6a">
         <name>.debug_aranges</name>
         <load_address>0x718</load_address>
         <run_address>0x718</run_address>
         <size>0xb8</size>
         <input_file_ref idref="fl-e"/>
      </object_component>
      <object_component id="oc-72">
         <name>.debug_aranges</name>
         <load_address>0x7d0</load_address>
         <run_address>0x7d0</run_address>
         <size>0x30</size>
         <input_file_ref idref="fl-10"/>
      </object_component>
      <object_component id="oc-77">
         <name>.debug_aranges</name>
         <load_address>0x800</load_address>
         <run_address>0x800</run_address>
         <size>0x20</size>
         <input_file_ref idref="fl-20"/>
      </object_component>
      <object_component id="oc-7c">
         <name>.debug_aranges</name>
         <load_address>0x820</load_address>
         <run_address>0x820</run_address>
         <size>0x20</size>
         <input_file_ref idref="fl-21"/>
      </object_component>
      <object_component id="oc-81">
         <name>.debug_aranges</name>
         <load_address>0x840</load_address>
         <run_address>0x840</run_address>
         <size>0x20</size>
         <input_file_ref idref="fl-22"/>
      </object_component>
      <object_component id="oc-8a">
         <name>.debug_aranges</name>
         <load_address>0x860</load_address>
         <run_address>0x860</run_address>
         <size>0x20</size>
         <input_file_ref idref="fl-24"/>
      </object_component>
      <object_component id="oc-8f">
         <name>.debug_aranges</name>
         <load_address>0x880</load_address>
         <run_address>0x880</run_address>
         <size>0x20</size>
         <input_file_ref idref="fl-25"/>
      </object_component>
      <object_component id="oc-94">
         <name>.debug_aranges</name>
         <load_address>0x8a0</load_address>
         <run_address>0x8a0</run_address>
         <size>0x20</size>
         <input_file_ref idref="fl-26"/>
      </object_component>
      <object_component id="oc-9a">
         <name>.debug_aranges</name>
         <load_address>0x8c0</load_address>
         <run_address>0x8c0</run_address>
         <size>0x20</size>
         <input_file_ref idref="fl-27"/>
      </object_component>
      <object_component id="oc-9f">
         <name>.debug_aranges</name>
         <load_address>0x8e0</load_address>
         <run_address>0x8e0</run_address>
         <size>0x20</size>
         <input_file_ref idref="fl-28"/>
      </object_component>
      <object_component id="oc-a4">
         <name>.debug_aranges</name>
         <load_address>0x900</load_address>
         <run_address>0x900</run_address>
         <size>0x20</size>
         <input_file_ref idref="fl-29"/>
      </object_component>
      <object_component id="oc-a9">
         <name>.debug_aranges</name>
         <load_address>0x920</load_address>
         <run_address>0x920</run_address>
         <size>0x20</size>
         <input_file_ref idref="fl-2a"/>
      </object_component>
      <object_component id="oc-ae">
         <name>.debug_aranges</name>
         <load_address>0x940</load_address>
         <run_address>0x940</run_address>
         <size>0x20</size>
         <input_file_ref idref="fl-2b"/>
      </object_component>
      <object_component id="oc-b3">
         <name>.debug_aranges</name>
         <load_address>0x960</load_address>
         <run_address>0x960</run_address>
         <size>0x20</size>
         <input_file_ref idref="fl-2c"/>
      </object_component>
      <object_component id="oc-ba">
         <name>.debug_aranges</name>
         <load_address>0x980</load_address>
         <run_address>0x980</run_address>
         <size>0x28</size>
         <input_file_ref idref="fl-2d"/>
      </object_component>
      <object_component id="oc-bf">
         <name>.debug_aranges</name>
         <load_address>0x9a8</load_address>
         <run_address>0x9a8</run_address>
         <size>0x30</size>
         <input_file_ref idref="fl-2e"/>
      </object_component>
      <object_component id="oc-c4">
         <name>.debug_aranges</name>
         <load_address>0x9d8</load_address>
         <run_address>0x9d8</run_address>
         <size>0x20</size>
         <input_file_ref idref="fl-2f"/>
      </object_component>
      <object_component id="oc-cc">
         <name>.debug_aranges</name>
         <load_address>0x9f8</load_address>
         <run_address>0x9f8</run_address>
         <size>0x78</size>
         <input_file_ref idref="fl-30"/>
      </object_component>
      <object_component id="oc-d1">
         <name>.debug_aranges</name>
         <load_address>0xa70</load_address>
         <run_address>0xa70</run_address>
         <size>0x20</size>
         <input_file_ref idref="fl-31"/>
      </object_component>
      <object_component id="oc-21">
         <name>.template</name>
         <load_address>0x0</load_address>
         <run_address>0x0</run_address>
         <size>0x185</size>
         <input_file_ref idref="fl-2"/>
      </object_component>
   </object_component_list>
   <logical_group_list>
      <logical_group id="lg-2" display="no" color="cyan">
         <name>.cinit</name>
         <load_address>0x82000</load_address>
         <run_address>0x82000</run_address>
         <size>0xa3</size>
         <contents>
            <object_component_ref idref="oc-23"/>
            <object_component_ref idref="oc-3c"/>
            <object_component_ref idref="oc-b5"/>
            <object_component_ref idref="oc-e9"/>
            <object_component_ref idref="oc-dd"/>
            <object_component_ref idref="oc-fb"/>
            <object_component_ref idref="oc-ee"/>
            <object_component_ref idref="oc-ec"/>
            <object_component_ref idref="oc-e1"/>
            <object_component_ref idref="oc-ff"/>
            <object_component_ref idref="oc-83"/>
            <object_component_ref idref="oc-d3"/>
            <object_component_ref idref="oc-c6"/>
         </contents>
      </logical_group>
      <logical_group id="lg-3" display="no" color="cyan">
         <name>.pinit</name>
         <run_address>0x0</run_address>
         <size>0x0</size>
         <contents>
         </contents>
      </logical_group>
      <logical_group id="lg-132" display="no" color="cyan">
         <name>.text.1</name>
         <load_address>0x820a4</load_address>
         <run_address>0x820a4</run_address>
         <size>0x1f5c</size>
         <contents>
            <object_component_ref idref="oc-db"/>
            <object_component_ref idref="oc-103"/>
            <object_component_ref idref="oc-f4"/>
            <object_component_ref idref="oc-ef"/>
            <object_component_ref idref="oc-f8"/>
            <object_component_ref idref="oc-101"/>
            <object_component_ref idref="oc-f0"/>
            <object_component_ref idref="oc-f5"/>
            <object_component_ref idref="oc-f3"/>
            <object_component_ref idref="oc-100"/>
         </contents>
      </logical_group>
      <logical_group id="lg-133" display="no" color="cyan">
         <name>.text.2</name>
         <load_address>0x84000</load_address>
         <run_address>0x84000</run_address>
         <size>0x6e9</size>
         <contents>
            <object_component_ref idref="oc-de"/>
            <object_component_ref idref="oc-102"/>
            <object_component_ref idref="oc-ea"/>
            <object_component_ref idref="oc-e4"/>
            <object_component_ref idref="oc-2b"/>
            <object_component_ref idref="oc-9b"/>
            <object_component_ref idref="oc-f2"/>
            <object_component_ref idref="oc-1a"/>
            <object_component_ref idref="oc-f6"/>
            <object_component_ref idref="oc-25"/>
            <object_component_ref idref="oc-da"/>
            <object_component_ref idref="oc-f1"/>
            <object_component_ref idref="oc-d7"/>
            <object_component_ref idref="oc-e2"/>
            <object_component_ref idref="oc-df"/>
            <object_component_ref idref="oc-d9"/>
            <object_component_ref idref="oc-fd"/>
            <object_component_ref idref="oc-fe"/>
            <object_component_ref idref="oc-35"/>
            <object_component_ref idref="oc-10b"/>
            <object_component_ref idref="oc-e3"/>
            <object_component_ref idref="oc-d6"/>
            <object_component_ref idref="oc-d8"/>
         </contents>
      </logical_group>
      <split_section id="lg-4" display="no" color="cyan">
         <name>.text</name>
         <contents>
            <logical_group_ref idref="lg-132"/>
            <logical_group_ref idref="lg-133"/>
         </contents>
      </split_section>
      <logical_group id="lg-5" display="no" color="cyan">
         <name>codestart</name>
         <load_address>0x80000</load_address>
         <run_address>0x80000</run_address>
         <size>0x2</size>
         <contents>
            <object_component_ref idref="oc-36"/>
         </contents>
      </logical_group>
      <logical_group id="lg-6" display="no" color="cyan">
         <name>.TI.ramfunc</name>
         <load_address>0x86000</load_address>
         <run_address>0x8000</run_address>
         <size>0x4</size>
         <contents>
            <object_component_ref idref="oc-66"/>
         </contents>
      </logical_group>
      <logical_group id="lg-7" display="no" color="cyan">
         <name>.stack</name>
         <run_address>0x400</run_address>
         <size>0x200</size>
         <contents>
            <object_component_ref idref="oc-95"/>
            <object_component_ref idref="oc-130"/>
         </contents>
      </logical_group>
      <logical_group id="lg-134" display="no" color="cyan">
         <name>.ebss</name>
         <run_address>0xac00</run_address>
         <size>0x71</size>
         <contents>
            <object_component_ref idref="oc-24"/>
            <object_component_ref idref="oc-e7"/>
            <object_component_ref idref="oc-e8"/>
            <object_component_ref idref="oc-f7"/>
            <object_component_ref idref="oc-e0"/>
            <object_component_ref idref="oc-dc"/>
            <object_component_ref idref="oc-fa"/>
            <object_component_ref idref="oc-ed"/>
            <object_component_ref idref="oc-3d"/>
            <object_component_ref idref="oc-6e"/>
            <object_component_ref idref="oc-b6"/>
            <object_component_ref idref="oc-eb"/>
            <object_component_ref idref="oc-c7"/>
            <object_component_ref idref="oc-10a"/>
            <object_component_ref idref="oc-84"/>
            <object_component_ref idref="oc-d4"/>
         </contents>
      </logical_group>
      <split_section id="lg-8" display="no" color="cyan">
         <name>.ebss</name>
         <contents>
            <logical_group_ref idref="lg-134"/>
         </contents>
      </split_section>
      <logical_group id="lg-9" display="no" color="cyan">
         <name>.esysmem</name>
         <run_address>0xa800</run_address>
         <size>0x400</size>
         <contents>
            <object_component_ref idref="oc-c8"/>
            <object_component_ref idref="oc-131"/>
         </contents>
      </logical_group>
      <logical_group id="lg-135" display="no" color="cyan">
         <name>.econst</name>
         <load_address>0x90000</load_address>
         <run_address>0x90000</run_address>
         <size>0x18d</size>
         <contents>
            <object_component_ref idref="oc-104"/>
            <object_component_ref idref="oc-e5"/>
            <object_component_ref idref="oc-e6"/>
            <object_component_ref idref="oc-109"/>
            <object_component_ref idref="oc-fc"/>
            <object_component_ref idref="oc-f9"/>
            <object_component_ref idref="oc-105"/>
            <object_component_ref idref="oc-107"/>
            <object_component_ref idref="oc-108"/>
            <object_component_ref idref="oc-106"/>
            <object_component_ref idref="oc-1c"/>
         </contents>
      </logical_group>
      <split_section id="lg-a" display="no" color="cyan">
         <name>.econst</name>
         <contents>
            <logical_group_ref idref="lg-135"/>
         </contents>
      </split_section>
      <logical_group id="lg-b" display="no" color="cyan">
         <name>.switch</name>
         <run_address>0x0</run_address>
         <size>0x0</size>
         <contents>
         </contents>
      </logical_group>
      <logical_group id="lg-c" display="no" color="cyan">
         <name>.reset</name>
         <load_address>0x3fffc0</load_address>
         <run_address>0x3fffc0</run_address>
         <size>0x2</size>
         <contents>
            <object_component_ref idref="oc-96"/>
         </contents>
      </logical_group>
      <logical_group id="lg-d" display="no" color="cyan">
         <name>Filter_RegsFile</name>
         <run_address>0x0</run_address>
         <size>0x0</size>
         <contents>
         </contents>
      </logical_group>
      <logical_group id="lg-e" display="no" color="cyan">
         <name>SHARERAMGS0</name>
         <run_address>0x0</run_address>
         <size>0x0</size>
         <contents>
         </contents>
      </logical_group>
      <logical_group id="lg-f" display="no" color="cyan">
         <name>SHARERAMGS1</name>
         <run_address>0x0</run_address>
         <size>0x0</size>
         <contents>
         </contents>
      </logical_group>
      <logical_group id="lg-11" display="no" color="cyan">
         <name>PUTBUFFER</name>
         <run_address>0x0</run_address>
         <size>0x0</size>
         <contents>
         </contents>
      </logical_group>
      <logical_group id="lg-12" display="no" color="cyan">
         <name>PUTWRITEIDX</name>
         <run_address>0x0</run_address>
         <size>0x0</size>
         <contents>
         </contents>
      </logical_group>
      <logical_group id="lg-13" display="no" color="cyan">
         <name>GETREADIDX</name>
         <run_address>0x0</run_address>
         <size>0x0</size>
         <contents>
         </contents>
      </logical_group>
      <logical_group id="lg-10" display="no" color="cyan">
         <name>GROUP_1</name>
         <run_address>0x0</run_address>
         <size>0x0</size>
         <contents>
            <logical_group_ref idref="lg-11"/>
            <logical_group_ref idref="lg-12"/>
            <logical_group_ref idref="lg-13"/>
         </contents>
      </logical_group>
      <logical_group id="lg-15" display="no" color="cyan">
         <name>GETBUFFER</name>
[...]
         <name>_b</name>
         <value>0xac02</value>
         <object_component_ref idref="oc-24"/>
      </symbol>
      <symbol id="sm-189">
         <name>_a</name>
         <value>0xac01</value>
         <object_component_ref idref="oc-24"/>
      </symbol>
      <symbol id="sm-18a">
         <name>_getCurrentMeasurement__Fv</name>
         <value>0x82931</value>
         <object_component_ref idref="oc-db"/>
      </symbol>
      <symbol id="sm-1ba">
         <name>_periods__9Scheduler</name>
         <value>0xac46</value>
         <object_component_ref idref="oc-fa"/>
      </symbol>
      <symbol id="sm-1bb">
         <name>_cpuTimer2ISR</name>
         <value>0x843ff</value>
         <object_component_ref idref="oc-2b"/>
      </symbol>
      <symbol id="sm-1bd">
         <name>_functions__9Scheduler</name>
         <value>0xac40</value>
         <object_component_ref idref="oc-dc"/>
      </symbol>
      <symbol id="sm-1be">
         <name>_InitCPUTimers__9SchedulerSFv</name>
         <value>0x840cb</value>
         <object_component_ref idref="oc-de"/>
      </symbol>
      <symbol id="sm-1c0">
         <name>_cpuTimer0ISR</name>
         <value>0x8439a</value>
         <object_component_ref idref="oc-2b"/>
      </symbol>
      <symbol id="sm-1c2">
         <name>_Init__9SchedulerSFv</name>
         <value>0x84052</value>
         <object_component_ref idref="oc-de"/>
      </symbol>
      <symbol id="sm-1c4">
         <name>_AddTask__9SchedulerSFPFv_vUl</name>
         <value>0x8406a</value>
         <object_component_ref idref="oc-de"/>
      </symbol>
      <symbol id="sm-1c6">
         <name>_cpuTimer1ISR</name>
         <value>0x843ce</value>
         <object_component_ref idref="oc-2b"/>
      </symbol>
      <symbol id="sm-1c8">
         <name>_ConfigureCPUTimer__9SchedulerSFUlT1</name>
         <value>0x84103</value>
         <object_component_ref idref="oc-de"/>
      </symbol>
      <symbol id="sm-1dd">
         <name>_WriteData__9SpiDriverSFUi</name>
         <value>0x8438a</value>
         <object_component_ref idref="oc-e4"/>
      </symbol>
      <symbol id="sm-1df">
         <name>_InitSPIPort__9SpiDriverSFv</name>
         <value>0x8435f</value>
         <object_component_ref idref="oc-e4"/>
      </symbol>
      <symbol id="sm-1e1">
         <name>_ReadData__9SpiDriverSFv</name>
         <value>0x84394</value>
         <object_component_ref idref="oc-e4"/>
      </symbol>
      <symbol id="sm-1e3">
         <name>_InitGPIOs__9SpiDriverSFv</name>
         <value>0x84314</value>
         <object_component_ref idref="oc-e4"/>
      </symbol>
      <symbol id="sm-1f4">
         <name>code_start</name>
         <value>0x80000</value>
         <object_component_ref idref="oc-36"/>
      </symbol>
      <symbol id="sm-220">
         <name>_Example_done</name>
         <value>0x833c1</value>
         <object_component_ref idref="oc-f4"/>
      </symbol>
      <symbol id="sm-222">
         <name>_Example_Fail</name>
         <value>0xac56</value>
         <object_component_ref idref="oc-3d"/>
      </symbol>
      <symbol id="sm-223">
         <name>_Device_bootCPU2</name>
         <value>0x83236</value>
         <object_component_ref idref="oc-f4"/>
      </symbol>
      <symbol id="sm-225">
         <name>_Device_initGPIO</name>
         <value>0x8319e</value>
         <object_component_ref idref="oc-f4"/>
      </symbol>
      <symbol id="sm-227">
         <name>_Example_setResultPass</name>
         <value>0x833b7</value>
         <object_component_ref idref="oc-f4"/>
      </symbol>
      <symbol id="sm-229">
         <name>___error__</name>
         <value>0x833b0</value>
         <object_component_ref idref="oc-f4"/>
      </symbol>
      <symbol id="sm-22b">
         <name>_Example_Result</name>
         <value>0xac52</value>
         <object_component_ref idref="oc-3d"/>
      </symbol>
      <symbol id="sm-22c">
         <name>_Example_setResultFail</name>
         <value>0x833bc</value>
         <object_component_ref idref="oc-f4"/>
      </symbol>
      <symbol id="sm-22e">
         <name>_Device_enableUnbondedGPIOPullupsFor176Pin</name>
         <value>0x831bf</value>
         <object_component_ref idref="oc-f4"/>
      </symbol>
      <symbol id="sm-230">
         <name>_Device_enableUnbondedGPIOPullups</name>
         <value>0x831ef</value>
         <object_component_ref idref="oc-f4"/>
      </symbol>
      <symbol id="sm-232">
         <name>_Device_init</name>
         <value>0x83095</value>
         <object_component_ref idref="oc-f4"/>
      </symbol>
      <symbol id="sm-234">
         <name>_Example_PassCount</name>
         <value>0xac54</value>
         <object_component_ref idref="oc-3d"/>
      </symbol>
      <symbol id="sm-235">
         <name>_Device_enableUnbondedGPIOPullupsFor100Pin</name>
         <value>0x831d2</value>
         <object_component_ref idref="oc-f4"/>
      </symbol>
      <symbol id="sm-237">
         <name>_Device_enableAllPeripherals</name>
         <value>0x830b3</value>
         <object_component_ref idref="oc-f4"/>
      </symbol>
      <symbol id="sm-239">
         <name>_Device_configureTMXAnalogTrim</name>
         <value>0x83205</value>
         <object_component_ref idref="oc-f4"/>
      </symbol>
      <symbol id="sm-255">
         <name>_ADC_setMode</name>
         <value>0x841fb</value>
         <object_component_ref idref="oc-ea"/>
      </symbol>
      <symbol id="sm-257">
         <name>_ADC_setPPBTripLimits</name>
         <value>0x8429d</value>
         <object_component_ref idref="oc-ea"/>
      </symbol>
      <symbol id="sm-295">
         <name>_CAN_readMessage</name>
         <value>0x835d2</value>
         <object_component_ref idref="oc-ef"/>
      </symbol>
      <symbol id="sm-297">
         <name>_CAN_sendMessage</name>
         <value>0x83586</value>
         <object_component_ref idref="oc-ef"/>
      </symbol>
      <symbol id="sm-299">
         <name>_CAN_clearInterruptStatus</name>
         <value>0x83498</value>
         <object_component_ref idref="oc-ef"/>
      </symbol>
      <symbol id="sm-29b">
         <name>_CAN_clearMessage</name>
         <value>0x836a8</value>
         <object_component_ref idref="oc-ef"/>
      </symbol>
      <symbol id="sm-29d">
         <name>_CAN_setBitTiming</name>
         <value>0x83460</value>
         <object_component_ref idref="oc-ef"/>
      </symbol>
      <symbol id="sm-29f">
         <name>_CAN_setupMessageObject</name>
         <value>0x834c9</value>
         <object_component_ref idref="oc-ef"/>
      </symbol>
      <symbol id="sm-2a1">
         <name>_CAN_initModule</name>
         <value>0x83407</value>
         <object_component_ref idref="oc-ef"/>
      </symbol>
      <symbol id="sm-2a3">
         <name>_CAN_setBitRate</name>
         <value>0x8341c</value>
         <object_component_ref idref="oc-ef"/>
      </symbol>
      <symbol id="sm-2a5">
         <name>_CAN_readMessageWithID</name>
         <value>0x8362b</value>
         <object_component_ref idref="oc-ef"/>
      </symbol>
      <symbol id="sm-2a7">
         <name>_CAN_transferMessage</name>
         <value>0x83662</value>
         <object_component_ref idref="oc-ef"/>
      </symbol>
      <symbol id="sm-2b4">
         <name>_CPUTimer_setEmulationMode</name>
         <value>0x846bf</value>
         <object_component_ref idref="oc-fd"/>
      </symbol>
      <symbol id="sm-2e2">
         <name>_GPIO_setAnalogMode</name>
         <value>0x83db8</value>
         <object_component_ref idref="oc-f0"/>
      </symbol>
      <symbol id="sm-2e4">
         <name>_GPIO_setMasterCore</name>
         <value>0x83d8c</value>
         <object_component_ref idref="oc-f0"/>
      </symbol>
      <symbol id="sm-2e6">
         <name>_GPIO_setInterruptPin</name>
         <value>0x83c76</value>
         <object_component_ref idref="oc-f0"/>
      </symbol>
      <symbol id="sm-2e8">
         <name>_GPIO_setQualificationPeriod</name>
         <value>0x83d6a</value>
         <object_component_ref idref="oc-f0"/>
      </symbol>
      <symbol id="sm-2ea">
         <name>_GPIO_setPinConfig</name>
         <value>0x83de0</value>
         <object_component_ref idref="oc-f0"/>
      </symbol>
      <symbol id="sm-2ec">
         <name>_GPIO_setDirectionMode</name>
         <value>0x83c39</value>
         <object_component_ref idref="oc-f0"/>
      </symbol>
      <symbol id="sm-2ee">
         <name>_GPIO_getQualificationMode</name>
         <value>0x83d49</value>
         <object_component_ref idref="oc-f0"/>
      </symbol>
      <symbol id="sm-2f0">
         <name>_GPIO_getDirectionMode</name>
         <value>0x83c60</value>
         <object_component_ref idref="oc-f0"/>
      </symbol>
      <symbol id="sm-2f2">
         <name>_GPIO_getPadConfig</name>
         <value>0x83ce9</value>
         <object_component_ref idref="oc-f0"/>
      </symbol>
      <symbol id="sm-2f4">
         <name>_GPIO_setQualificationMode</name>
         <value>0x83d1d</value>
         <object_component_ref idref="oc-f0"/>
      </symbol>
      <symbol id="sm-2f6">
         <name>_GPIO_setPadConfig</name>
         <value>0x83ca1</value>
         <object_component_ref idref="oc-f0"/>
      </symbol>
      <symbol id="sm-330">
         <name>_Interrupt_enable</name>
         <value>0x83f1d</value>
         <object_component_ref idref="oc-f5"/>
      </symbol>
      <symbol id="sm-332">
         <name>_Interrupt_initVectorTable</name>
         <value>0x83eff</value>
         <object_component_ref idref="oc-f5"/>
      </symbol>
      <symbol id="sm-334">
         <name>_Interrupt_disable</name>
         <value>0x83f51</value>
         <object_component_ref idref="oc-f5"/>
      </symbol>
      <symbol id="sm-336">
         <name>_Interrupt_initModule</name>
         <value>0x83ec2</value>
         <object_component_ref idref="oc-f5"/>
      </symbol>
      <symbol id="sm-355">
         <name>_SPI_getInterruptStatus</name>
         <value>0x841a9</value>
         <object_component_ref idref="oc-102"/>
      </symbol>
      <symbol id="sm-357">
         <name>_SPI_disableInterrupt</name>
         <value>0x84183</value>
         <object_component_ref idref="oc-102"/>
      </symbol>
      <symbol id="sm-359">
         <name>_SPI_enableInterrupt</name>
         <value>0x8415d</value>
         <object_component_ref idref="oc-102"/>
      </symbol>
      <symbol id="sm-35b">
         <name>_SPI_setConfig</name>
         <value>0x84123</value>
         <object_component_ref idref="oc-102"/>
      </symbol>
      <symbol id="sm-35d">
         <name>_SPI_setBaudRate</name>
         <value>0x8414c</value>
         <object_component_ref idref="oc-102"/>
      </symbol>
      <symbol id="sm-35f">
         <name>_SPI_clearInterruptStatus</name>
         <value>0x841ce</value>
         <object_component_ref idref="oc-102"/>
      </symbol>
      <symbol id="sm-3c8">
         <name>_SysCtl_selectOscSourceAuxPLL</name>
         <value>0x82f39</value>
         <object_component_ref idref="oc-103"/>
      </symbol>
      <symbol id="sm-3ca">
         <name>_SysCtl_selectXTAL</name>
         <value>0x82e9a</value>
         <object_component_ref idref="oc-103"/>
      </symbol>
      <symbol id="sm-3cc">
         <name>_SysCtl_delay</name>
         <value>0x8000</value>
         <object_component_ref idref="oc-66"/>
      </symbol>
      <symbol id="sm-3cd">
         <name>_SysCtl_setAuxClock</name>
         <value>0x82d87</value>
         <object_component_ref idref="oc-103"/>
      </symbol>
      <symbol id="sm-3cf">
         <name>_SysCtl_selectOscSource</name>
         <value>0x82f03</value>
         <object_component_ref idref="oc-103"/>
      </symbol>
      <symbol id="sm-3d1">
         <name>_SysCtl_getAuxClock</name>
         <value>0x82b4c</value>
         <object_component_ref idref="oc-103"/>
      </symbol>
      <symbol id="sm-3d3">
         <name>_SysCtl_setClock</name>
         <value>0x82b8d</value>
         <object_component_ref idref="oc-103"/>
      </symbol>
      <symbol id="sm-3d5">
         <name>_SysCtl_getLowSpeedClock</name>
         <value>0x82f68</value>
         <object_component_ref idref="oc-103"/>
      </symbol>
      <symbol id="sm-3d7">
         <name>_SysCtl_getClock</name>
         <value>0x82afb</value>
         <object_component_ref idref="oc-103"/>
      </symbol>
      <symbol id="sm-3d9">
         <name>_SysCtl_getDeviceParametric</name>
         <value>0x82f82</value>
         <object_component_ref idref="oc-103"/>
      </symbol>
      <symbol id="sm-3e2">
         <name>_crc_table</name>
         <value>0x90000</value>
         <object_component_ref idref="oc-104"/>
      </symbol>
      <symbol id="sm-3fa">
         <name>_Configure__5DigIoFUlQ2_7PinMode7PinMode</name>
         <value>0x8458d</value>
         <object_component_ref idref="oc-f6"/>
      </symbol>
      <symbol id="sm-3fc">
         <name>_vtg_out__5DigIo</name>
         <value>0xac58</value>
         <object_component_ref idref="oc-6e"/>
      </symbol>
      <symbol id="sm-3fd">
         <name>_led_out__5DigIo</name>
         <value>0xac5c</value>
         <object_component_ref idref="oc-6e"/>
      </symbol>
      <symbol id="sm-3fe">
         <name>_launchpad_gate__5DigIo</name>
         <value>0xac5a</value>
         <object_component_ref idref="oc-6e"/>
      </symbol>
      <symbol id="sm-40b">
         <name>___dl__FPv</name>
         <value>0x846e1</value>
         <object_component_ref idref="oc-e3"/>
      </symbol>
      <symbol id="sm-41c">
         <name>___nw__FUl</name>
         <value>0x8466f</value>
         <object_component_ref idref="oc-e2"/>
      </symbol>
      <symbol id="sm-429">
         <name>___default_new_handler__Fv</name>
         <value>0x83fff</value>
         <object_component_ref idref="oc-100"/>
      </symbol>
      <symbol id="sm-434">
         <name>__new_handler</name>
         <value>0xac6e</value>
         <object_component_ref idref="oc-84"/>
      </symbol>
      <symbol id="sm-444">
         <name>_sqrtf</name>
         <value>0x84624</value>
         <object_component_ref idref="oc-f1"/>
      </symbol>
      <symbol id="sm-446">
         <name>_sqrt</name>
         <value>0x84624</value>
         <object_component_ref idref="oc-f1"/>
      </symbol>
      <symbol id="sm-454">
         <name>_cos</name>
         <value>0x83f9c</value>
         <object_component_ref idref="oc-f3"/>
      </symbol>
      <symbol id="sm-455">
         <name>_cosf</name>
         <value>0x83f9c</value>
         <object_component_ref idref="oc-f3"/>
      </symbol>
      <symbol id="sm-463">
         <name>_sin</name>
         <value>0x844b8</value>
         <object_component_ref idref="oc-f2"/>
      </symbol>
      <symbol id="sm-464">
         <name>_sinf</name>
         <value>0x844b8</value>
         <object_component_ref idref="oc-f2"/>
      </symbol>
      <symbol id="sm-480">
         <name>_c_int00</name>
         <value>0x84511</value>
         <object_component_ref idref="oc-1a"/>
      </symbol>
      <symbol id="sm-481">
         <name>__stack</name>
         <value>0x400</value>
         <object_component_ref idref="oc-95"/>
      </symbol>
      <symbol id="sm-492">
         <name>FS$$DIV</name>
         <value>0x84430</value>
         <object_component_ref idref="oc-9b"/>
      </symbol>
      <symbol id="sm-4a1">
         <name>_copy_in</name>
         <value>0x8464b</value>
         <object_component_ref idref="oc-d7"/>
      </symbol>
      <symbol id="sm-4b3">
         <name>_memcpy</name>
         <value>0x84690</value>
         <object_component_ref idref="oc-df"/>
      </symbol>
      <symbol id="sm-4c0">
         <name>__system_pre_init</name>
         <value>0x846e6</value>
         <object_component_ref idref="oc-d6"/>
      </symbol>
      <symbol id="sm-4ce">
         <name>__system_post_cinit</name>
         <value>0x846e8</value>
         <object_component_ref idref="oc-d8"/>
      </symbol>
      <symbol id="sm-4e3">
         <name>C$$EXIT</name>
         <value>0x845fb</value>
         <object_component_ref idref="oc-da"/>
      </symbol>
      <symbol id="sm-4e4">
         <name>_exit</name>
         <value>0x845fd</value>
         <object_component_ref idref="oc-da"/>
      </symbol>
      <symbol id="sm-4e6">
         <name>___TI_cleanup_ptr</name>
         <value>0xac60</value>
         <object_component_ref idref="oc-b6"/>
      </symbol>
      <symbol id="sm-4e7">
         <name>___TI_enable_exit_profile_output</name>
         <value>0xac5e</value>
         <object_component_ref idref="oc-b6"/>
      </symbol>
      <symbol id="sm-4e8">
         <name>_abort</name>
         <value>0x845fb</value>
         <object_component_ref idref="oc-da"/>
      </symbol>
      <symbol id="sm-4ea">
         <name>___TI_dtors_ptr</name>
         <value>0xac62</value>
         <object_component_ref idref="oc-b6"/>
      </symbol>
      <symbol id="sm-4fe">
         <name>__unlock</name>
         <value>0xac6c</value>
         <object_component_ref idref="oc-10a"/>
      </symbol>
      <symbol id="sm-4ff">
         <name>__lock</name>
         <value>0xac3e</value>
         <object_component_ref idref="oc-e0"/>
      </symbol>
      <symbol id="sm-500">
         <name>__register_lock</name>
         <value>0x846cd</value>
         <object_component_ref idref="oc-fe"/>
      </symbol>
      <symbol id="sm-502">
         <name>__nop</name>
         <value>0x846d1</value>
         <object_component_ref idref="oc-fe"/>
      </symbol>
      <symbol id="sm-504">
         <name>__register_unlock</name>
         <value>0x846c9</value>
         <object_component_ref idref="oc-fe"/>
      </symbol>
      <symbol id="sm-514">
         <name>__args_main</name>
         <value>0x846ad</value>
         <object_component_ref idref="oc-d9"/>
      </symbol>
      <symbol id="sm-572">
         <name>__sys_memory</name>
         <value>0xa800</value>
         <object_component_ref idref="oc-c8"/>
      </symbol>
      <symbol id="sm-573">
         <name>___TI_heap_total_available</name>
         <value>0x83bf0</value>
         <object_component_ref idref="oc-101"/>
      </symbol>
      <symbol id="sm-575">
         <name>_realloc</name>
         <value>0x83a95</value>
         <object_component_ref idref="oc-101"/>
      </symbol>
      <symbol id="sm-577">
         <name>___TI_heap_check</name>
         <value>0x83c2a</value>
         <object_component_ref idref="oc-101"/>
      </symbol>
      <symbol id="sm-579">
         <name>_free</name>
         <value>0x839cb</value>
         <object_component_ref idref="oc-101"/>
      </symbol>
      <symbol id="sm-57b">
         <name>_memalign</name>
         <value>0x83b4a</value>
         <object_component_ref idref="oc-101"/>
      </symbol>
      <symbol id="sm-57c">
         <name>_calloc</name>
         <value>0x83b1d</value>
         <object_component_ref idref="oc-101"/>
      </symbol>
      <symbol id="sm-57e">
         <name>_malloc</name>
         <value>0x839a0</value>
         <object_component_ref idref="oc-101"/>
      </symbol>
      <symbol id="sm-580">
         <name>_aligned_alloc</name>
         <value>0x83b4a</value>
         <object_component_ref idref="oc-101"/>
      </symbol>
      <symbol id="sm-582">
         <name>_minit</name>
         <value>0x83b19</value>
         <object_component_ref idref="oc-101"/>
      </symbol>
      <symbol id="sm-584">
         <name>___TI_heap_largest_available</name>
         <value>0x83c0d</value>
         <object_component_ref idref="oc-101"/>
      </symbol>
      <symbol id="sm-593">
         <name>_memset</name>
         <value>0x846da</value>
         <object_component_ref idref="oc-10b"/>
      </symbol>
      <symbol id="sm-59e">
         <name>_errno</name>
         <value>0xac70</value>
         <object_component_ref idref="oc-d4"/>
      </symbol>
   </symbol_table>
   <title>Link successful</title>
</link_info>
